// Jest Snapshot v1, https://goo.gl/fbAQLP

exports[`execCommand error, exit 1`] = `
[MockFunction] {
  "calls": Array [
    Array [
      127,
    ],
  ],
  "results": Array [
    Object {
      "type": "return",
      "value": undefined,
    },
  ],
}
`;
